{
  "Entries": [
    {
      "RequestUri": "/61953354-5115-4340-bf80-f4ccd1cb213e/locations",
      "EncodedRequestUri": "LzYxOTUzMzU0LTUxMTUtNDM0MC1iZjgwLWY0Y2NkMWNiMjEzZS9sb2NhdGlvbnM=",
      "RequestMethod": "GET",
      "RequestBody": "",
      "RequestHeaders": {
        "x-ms-version": [
          "2014-10-01"
        ],
        "User-Agent": [
          "Microsoft.WindowsAzure.Management.ManagementClient/4.0.0.0"
        ]
      },
      "ResponseBody": "<Locations xmlns=\"http://schemas.microsoft.com/windowsazure\" xmlns:i=\"http://www.w3.org/2001/XMLSchema-instance\">\r\n  <Location>\r\n    <Name>Northwest US</Name>\r\n    <DisplayName>Northwest US</DisplayName>\r\n    <AvailableServices>\r\n      <AvailableService>Compute</AvailableService>\r\n    </AvailableServices>\r\n    <ComputeCapabilities>\r\n      <WebWorkerRoleSizes>\r\n        <RoleSize>A5</RoleSize>\r\n        <RoleSize>A6</RoleSize>\r\n        <RoleSize>A7</RoleSize>\r\n        <RoleSize>ExtraLarge</RoleSize>\r\n        <RoleSize>ExtraSmall</RoleSize>\r\n        <RoleSize>Large</RoleSize>\r\n        <RoleSize>Medium</RoleSize>\r\n        <RoleSize>Small</RoleSize>\r\n        <RoleSize>Standard_D1</RoleSize>\r\n        <RoleSize>Standard_D11</RoleSize>\r\n        <RoleSize>Standard_D12</RoleSize>\r\n        <RoleSize>Standard_D13</RoleSize>\r\n        <RoleSize>Standard_D14</RoleSize>\r\n        <RoleSize>Standard_D2</RoleSize>\r\n        <RoleSize>Standard_D3</RoleSize>\r\n        <RoleSize>Standard_D4</RoleSize>\r\n        <RoleSize>Standard_D5</RoleSize>\r\n      </WebWorkerRoleSizes>\r\n      <VirtualMachinesRoleSizes />\r\n    </ComputeCapabilities>\r\n  </Location>\r\n  <Location>\r\n    <Name>North Central US</Name>\r\n    <DisplayName>North Central US</DisplayName>\r\n    <AvailableServices>\r\n      <AvailableService>Compute</AvailableService>\r\n      <AvailableService>Storage</AvailableService>\r\n      <AvailableService>PersistentVMRole</AvailableService>\r\n      <AvailableService>HighMemory</AvailableService>\r\n    </AvailableServices>\r\n    <ComputeCapabilities>\r\n      <WebWorkerRoleSizes>\r\n        <RoleSize>A5</RoleSize>\r\n        <RoleSize>A6</RoleSize>\r\n        <RoleSize>A7</RoleSize>\r\n        <RoleSize>ExtraLarge</RoleSize>\r\n        <RoleSize>ExtraSmall</RoleSize>\r\n        <RoleSize>Large</RoleSize>\r\n        <RoleSize>Medium</RoleSize>\r\n        <RoleSize>Small</RoleSize>\r\n        <RoleSize>Standard_D1</RoleSize>\r\n        <RoleSize>Standard_D11</RoleSize>\r\n        <RoleSize>Standard_D12</RoleSize>\r\n        <RoleSize>Standard_D13</RoleSize>\r\n        <RoleSize>Standard_D14</RoleSize>\r\n        <RoleSize>Standard_D2</RoleSize>\r\n        <RoleSize>Standard_D3</RoleSize>\r\n        <RoleSize>Standard_D4</RoleSize>\r\n        <RoleSize>Standard_D5</RoleSize>\r\n      </WebWorkerRoleSizes>\r\n      <VirtualMachinesRoleSizes>\r\n        <RoleSize>A5</RoleSize>\r\n        <RoleSize>A6</RoleSize>\r\n        <RoleSize>A7</RoleSize>\r\n        <RoleSize>Basic_A0</RoleSize>\r\n        <RoleSize>Basic_A1</RoleSize>\r\n        <RoleSize>Basic_A2</RoleSize>\r\n        <RoleSize>Basic_A3</RoleSize>\r\n        <RoleSize>Basic_A4</RoleSize>\r\n        <RoleSize>ExtraLarge</RoleSize>\r\n        <RoleSize>ExtraSmall</RoleSize>\r\n        <RoleSize>Large</RoleSize>\r\n        <RoleSize>Medium</RoleSize>\r\n        <RoleSize>Small</RoleSize>\r\n        <RoleSize>Standard_D1</RoleSize>\r\n        <RoleSize>Standard_D11</RoleSize>\r\n        <RoleSize>Standard_D12</RoleSize>\r\n        <RoleSize>Standard_D13</RoleSize>\r\n        <RoleSize>Standard_D14</RoleSize>\r\n        <RoleSize>Standard_D2</RoleSize>\r\n        <RoleSize>Standard_D3</RoleSize>\r\n        <RoleSize>Standard_D4</RoleSize>\r\n        <RoleSize>Standard_D5</RoleSize>\r\n        <RoleSize>Standard_G1</RoleSize>\r\n        <RoleSize>Standard_G2</RoleSize>\r\n        <RoleSize>Standard_G3</RoleSize>\r\n        <RoleSize>Standard_G4</RoleSize>\r\n        <RoleSize>Standard_G5</RoleSize>\r\n      </VirtualMachinesRoleSizes>\r\n    </ComputeCapabilities>\r\n    <StorageCapabilities>\r\n      <StorageAccountTypes>\r\n        <StorageAccountType>Standard_LRS</StorageAccountType>\r\n        <StorageAccountType>Standard_ZRS</StorageAccountType>\r\n        <StorageAccountType>Standard_GRS</StorageAccountType>\r\n        <StorageAccountType>Standard_RAGRS</StorageAccountType>\r\n      </StorageAccountTypes>\r\n    </StorageCapabilities>\r\n  </Location>\r\n  <Location>\r\n    <Name>West US</Name>\r\n    <DisplayName>West US</DisplayName>\r\n    <AvailableServices>\r\n      <AvailableService>Compute</AvailableService>\r\n      <AvailableService>Storage</AvailableService>\r\n      <AvailableService>PersistentVMRole</AvailableService>\r\n      <AvailableService>HighMemory</AvailableService>\r\n    </AvailableServices>\r\n    <ComputeCapabilities>\r\n      <WebWorkerRoleSizes>\r\n        <RoleSize>A10</RoleSize>\r\n        <RoleSize>A11</RoleSize>\r\n        <RoleSize>A5</RoleSize>\r\n        <RoleSize>A6</RoleSize>\r\n        <RoleSize>A7</RoleSize>\r\n        <RoleSize>A8</RoleSize>\r\n        <RoleSize>A9</RoleSize>\r\n        <RoleSize>ExtraLarge</RoleSize>\r\n        <RoleSize>ExtraSmall</RoleSize>\r\n        <RoleSize>Large</RoleSize>\r\n        <RoleSize>Medium</RoleSize>\r\n        <RoleSize>Small</RoleSize>\r\n        <RoleSize>Standard_D1</RoleSize>\r\n        <RoleSize>Standard_D11</RoleSize>\r\n        <RoleSize>Standard_D12</RoleSize>\r\n        <RoleSize>Standard_D13</RoleSize>\r\n        <RoleSize>Standard_D14</RoleSize>\r\n        <RoleSize>Standard_D2</RoleSize>\r\n        <RoleSize>Standard_D3</RoleSize>\r\n        <RoleSize>Standard_D4</RoleSize>\r\n        <RoleSize>Standard_D5</RoleSize>\r\n      </WebWorkerRoleSizes>\r\n      <VirtualMachinesRoleSizes>\r\n        <RoleSize>A10</RoleSize>\r\n        <RoleSize>A11</RoleSize>\r\n        <RoleSize>A5</RoleSize>\r\n        <RoleSize>A6</RoleSize>\r\n        <RoleSize>A7</RoleSize>\r\n        <RoleSize>A8</RoleSize>\r\n        <RoleSize>A9</RoleSize>\r\n        <RoleSize>Basic_A0</RoleSize>\r\n        <RoleSize>Basic_A1</RoleSize>\r\n        <RoleSize>Basic_A2</RoleSize>\r\n        <RoleSize>Basic_A3</RoleSize>\r\n        <RoleSize>Basic_A4</RoleSize>\r\n        <RoleSize>ExtraLarge</RoleSize>\r\n        <RoleSize>ExtraSmall</RoleSize>\r\n        <RoleSize>Large</RoleSize>\r\n        <RoleSize>Medium</RoleSize>\r\n        <RoleSize>Small</RoleSize>\r\n        <RoleSize>Standard_D1</RoleSize>\r\n        <RoleSize>Standard_D11</RoleSize>\r\n        <RoleSize>Standard_D12</RoleSize>\r\n        <RoleSize>Standard_D13</RoleSize>\r\n        <RoleSize>Standard_D14</RoleSize>\r\n        <RoleSize>Standard_D2</RoleSize>\r\n        <RoleSize>Standard_D3</RoleSize>\r\n        <RoleSize>Standard_D4</RoleSize>\r\n        <RoleSize>Standard_D5</RoleSize>\r\n        <RoleSize>Standard_G1</RoleSize>\r\n        <RoleSize>Standard_G2</RoleSize>\r\n        <RoleSize>Standard_G3</RoleSize>\r\n        <RoleSize>Standard_G4</RoleSize>\r\n        <RoleSize>Standard_G5</RoleSize>\r\n      </VirtualMachinesRoleSizes>\r\n    </ComputeCapabilities>\r\n    <StorageCapabilities>\r\n      <StorageAccountTypes>\r\n        <StorageAccountType>Standard_LRS</StorageAccountType>\r\n        <StorageAccountType>Standard_ZRS</StorageAccountType>\r\n        <StorageAccountType>Standard_GRS</StorageAccountType>\r\n        <StorageAccountType>Standard_RAGRS</StorageAccountType>\r\n      </StorageAccountTypes>\r\n    </StorageCapabilities>\r\n  </Location>\r\n</Locations>",
      "ResponseHeaders": {
        "Content-Length": [
          "5208"
        ],
        "Content-Type": [
          "application/xml; charset=utf-8"
        ],
        "x-ms-servedbyregion": [
          "uswest"
        ],
        "x-ms-request-id": [
          "e0279be19c795d3dbfe641f91019d871"
        ],
        "Cache-Control": [
          "no-cache"
        ],
        "Date": [
          "Tue, 22 Dec 2015 01:39:34 GMT"
        ],
        "Server": [
          "1.0.6198.295",
          "(rd_rdfe_stable.151209-1439)",
          "Microsoft-HTTPAPI/2.0"
        ]
      },
      "StatusCode": 200
    },
    {
      "RequestUri": "/subscriptions/61953354-5115-4340-bf80-f4ccd1cb213e/resourcegroups/StreamAnalytics4314?api-version=2014-04-01-preview",
      "EncodedRequestUri": "L3N1YnNjcmlwdGlvbnMvNjE5NTMzNTQtNTExNS00MzQwLWJmODAtZjRjY2QxY2IyMTNlL3Jlc291cmNlZ3JvdXBzL1N0cmVhbUFuYWx5dGljczQzMTQ/YXBpLXZlcnNpb249MjAxNC0wNC0wMS1wcmV2aWV3",
      "RequestMethod": "PUT",
      "RequestBody": "{\r\n  \"location\": \"West US\"\r\n}",
      "RequestHeaders": {
        "Content-Type": [
          "application/json; charset=utf-8"
        ],
        "Content-Length": [
          "29"
        ],
        "User-Agent": [
          "Microsoft.Azure.Management.Resources.ResourceManagementClient/2.0.0.0"
        ]
      },
      "ResponseBody": "{\r\n  \"id\": \"/subscriptions/61953354-5115-4340-bf80-f4ccd1cb213e/resourceGroups/StreamAnalytics4314\",\r\n  \"name\": \"StreamAnalytics4314\",\r\n  \"location\": \"westus\",\r\n  \"properties\": {\r\n    \"provisioningState\": \"Succeeded\"\r\n  }\r\n}",
      "ResponseHeaders": {
        "Content-Length": [
          "191"
        ],
        "Content-Type": [
          "application/json; charset=utf-8"
        ],
        "Expires": [
          "-1"
        ],
        "Pragma": [
          "no-cache"
        ],
        "x-ms-ratelimit-remaining-subscription-writes": [
          "1186"
        ],
        "x-ms-request-id": [
          "d681ec7d-4429-4b2a-8d53-dca78044758c"
        ],
        "x-ms-correlation-request-id": [
          "d681ec7d-4429-4b2a-8d53-dca78044758c"
        ],
        "x-ms-routing-request-id": [
          "CENTRALUS:20151222T013830Z:d681ec7d-4429-4b2a-8d53-dca78044758c"
        ],
        "Strict-Transport-Security": [
          "max-age=31536000; includeSubDomains"
        ],
        "Cache-Control": [
          "no-cache"
        ],
        "Date": [
          "Tue, 22 Dec 2015 01:38:29 GMT"
        ]
      },
      "StatusCode": 201
    },
    {
      "RequestUri": "/subscriptions/61953354-5115-4340-bf80-f4ccd1cb213e/resourcegroups/StreamAnalytics4314/providers/Microsoft.StreamAnalytics/streamingjobs/MyStreamingJobSubmittedBySDK8784?api-version=2015-09-01",
      "EncodedRequestUri": "L3N1YnNjcmlwdGlvbnMvNjE5NTMzNTQtNTExNS00MzQwLWJmODAtZjRjY2QxY2IyMTNlL3Jlc291cmNlZ3JvdXBzL1N0cmVhbUFuYWx5dGljczQzMTQvcHJvdmlkZXJzL01pY3Jvc29mdC5TdHJlYW1BbmFseXRpY3Mvc3RyZWFtaW5nam9icy9NeVN0cmVhbWluZ0pvYlN1Ym1pdHRlZEJ5U0RLODc4ND9hcGktdmVyc2lvbj0yMDE1LTA5LTAx",
      "RequestMethod": "PUT",
      "RequestBody": "{\r\n  \"name\": \"MyStreamingJobSubmittedBySDK8784\",\r\n  \"location\": \"West US\",\r\n  \"properties\": {\r\n    \"sku\": {\r\n      \"name\": \"standard\"\r\n    },\r\n    \"eventsOutOfOrderPolicy\": \"Drop\",\r\n    \"eventsOutOfOrderMaxDelayInSeconds\": 0\r\n  }\r\n}",
      "RequestHeaders": {
        "Content-Type": [
          "application/json"
        ],
        "Content-Length": [
          "232"
        ],
        "x-ms-client-request-id": [
          "5562f4d2-dd11-4106-bc92-8c3d08868b45"
        ],
        "User-Agent": [
          "Microsoft.Azure.Management.StreamAnalytics.StreamAnalyticsManagementClient/1.0.0.0"
        ]
      },
      "ResponseBody": "{\r\n  \"id\": \"/subscriptions/61953354-5115-4340-bf80-f4ccd1cb213e/resourceGroups/StreamAnalytics4314/providers/Microsoft.StreamAnalytics/streamingjobs/MyStreamingJobSubmittedBySDK8784\",\r\n  \"name\": \"MyStreamingJobSubmittedBySDK8784\",\r\n  \"type\": \"Microsoft.StreamAnalytics/streamingjobs\",\r\n  \"location\": \"West US\",\r\n  \"properties\": {\r\n    \"sku\": {\r\n      \"name\": \"Standard\"\r\n    },\r\n    \"jobId\": \"562fffd4-30c2-4359-8175-5597c15f448b\",\r\n    \"provisioningState\": \"Succeeded\",\r\n    \"jobState\": \"Created\",\r\n    \"eventsOutOfOrderPolicy\": \"Drop\",\r\n    \"eventsOutOfOrderMaxDelayInSeconds\": 0,\r\n    \"eventsLateArrivalMaxDelayInSeconds\": 5,\r\n    \"dataLocale\": \"en-US\",\r\n    \"createdDate\": \"2015-12-22T01:38:32.327Z\",\r\n    \"inputs\": [],\r\n    \"functions\": [],\r\n    \"outputs\": []\r\n  }\r\n}",
      "ResponseHeaders": {
        "Content-Length": [
          "642"
        ],
        "Content-Type": [
          "application/json; charset=utf-8"
        ],
        "Expires": [
          "-1"
        ],
        "Pragma": [
          "no-cache"
        ],
        "X-AspNetMvc-Version": [
          "5.0"
        ],
        "x-ms-request-id": [
          "0cedd719-61f9-4e21-ab9d-ee2040b3007f"
        ],
        "x-ms-ratelimit-remaining-subscription-writes": [
          "1185"
        ],
        "x-ms-correlation-request-id": [
          "8141f5af-bf2c-4edd-b2b4-81d5bb404bbb"
        ],
        "x-ms-routing-request-id": [
          "CENTRALUS:20151222T013831Z:8141f5af-bf2c-4edd-b2b4-81d5bb404bbb"
        ],
        "Strict-Transport-Security": [
          "max-age=31536000; includeSubDomains"
        ],
        "Cache-Control": [
          "no-store, no-cache"
        ],
        "Date": [
          "Tue, 22 Dec 2015 01:38:31 GMT"
        ],
        "ETag": [
          "2d3b8f94-b98b-4145-9184-eed94de2b649"
        ],
        "Server": [
          "Microsoft-IIS/8.5"
        ],
        "X-Powered-By": [
          "ASP.NET"
        ]
      },
      "StatusCode": 200
    },
    {
      "RequestUri": "/subscriptions/61953354-5115-4340-bf80-f4ccd1cb213e/resourcegroups/StreamAnalytics4314/providers/Microsoft.StreamAnalytics/streamingjobs/MyStreamingJobSubmittedBySDK8784?$expand=&api-version=2015-09-01",
      "EncodedRequestUri": "L3N1YnNjcmlwdGlvbnMvNjE5NTMzNTQtNTExNS00MzQwLWJmODAtZjRjY2QxY2IyMTNlL3Jlc291cmNlZ3JvdXBzL1N0cmVhbUFuYWx5dGljczQzMTQvcHJvdmlkZXJzL01pY3Jvc29mdC5TdHJlYW1BbmFseXRpY3Mvc3RyZWFtaW5nam9icy9NeVN0cmVhbWluZ0pvYlN1Ym1pdHRlZEJ5U0RLODc4ND8kZXhwYW5kPSZhcGktdmVyc2lvbj0yMDE1LTA5LTAx",
      "RequestMethod": "GET",
      "RequestBody": "",
      "RequestHeaders": {
        "x-ms-client-request-id": [
          "f07918fb-a886-4098-b829-b905da53f3ae"
        ],
        "User-Agent": [
          "Microsoft.Azure.Management.StreamAnalytics.StreamAnalyticsManagementClient/1.0.0.0"
        ]
      },
      "ResponseBody": "{\r\n  \"id\": \"/subscriptions/61953354-5115-4340-bf80-f4ccd1cb213e/resourceGroups/StreamAnalytics4314/providers/Microsoft.StreamAnalytics/streamingjobs/MyStreamingJobSubmittedBySDK8784\",\r\n  \"name\": \"MyStreamingJobSubmittedBySDK8784\",\r\n  \"type\": \"Microsoft.StreamAnalytics/streamingjobs\",\r\n  \"location\": \"West US\",\r\n  \"properties\": {\r\n    \"sku\": {\r\n      \"name\": \"Standard\"\r\n    },\r\n    \"jobId\": \"562fffd4-30c2-4359-8175-5597c15f448b\",\r\n    \"provisioningState\": \"Succeeded\",\r\n    \"jobState\": \"Created\",\r\n    \"eventsOutOfOrderPolicy\": \"Drop\",\r\n    \"eventsOutOfOrderMaxDelayInSeconds\": 0,\r\n    \"eventsLateArrivalMaxDelayInSeconds\": 5,\r\n    \"dataLocale\": \"en-US\",\r\n    \"createdDate\": \"2015-12-22T01:38:32.327Z\"\r\n  }\r\n}",
      "ResponseHeaders": {
        "Content-Length": [
          "602"
        ],
        "Content-Type": [
          "application/json; charset=utf-8"
        ],
        "Expires": [
          "-1"
        ],
        "Pragma": [
          "no-cache"
        ],
        "X-AspNetMvc-Version": [
          "5.0"
        ],
        "x-ms-request-id": [
          "f07918fb-a886-4098-b829-b905da53f3ae"
        ],
        "x-ms-ratelimit-remaining-subscription-reads": [
          "14982"
        ],
        "x-ms-correlation-request-id": [
          "20dddc53-9309-4468-b589-cdcf421b0ffb"
        ],
        "x-ms-routing-request-id": [
          "CENTRALUS:20151222T013831Z:20dddc53-9309-4468-b589-cdcf421b0ffb"
        ],
        "Strict-Transport-Security": [
          "max-age=31536000; includeSubDomains"
        ],
        "Cache-Control": [
          "no-store, no-cache"
        ],
        "Date": [
          "Tue, 22 Dec 2015 01:38:31 GMT"
        ],
        "ETag": [
          "2d3b8f94-b98b-4145-9184-eed94de2b649"
        ],
        "Server": [
          "Microsoft-IIS/8.5"
        ],
        "X-Powered-By": [
          "ASP.NET"
        ]
      },
      "StatusCode": 200
    },
    {
      "RequestUri": "/subscriptions/61953354-5115-4340-bf80-f4ccd1cb213e/resourcegroups/StreamAnalytics4314/providers/Microsoft.StreamAnalytics/streamingjobs/MyStreamingJobSubmittedBySDK8784/outputs/outputtest1676?api-version=2015-09-01",
      "EncodedRequestUri": "L3N1YnNjcmlwdGlvbnMvNjE5NTMzNTQtNTExNS00MzQwLWJmODAtZjRjY2QxY2IyMTNlL3Jlc291cmNlZ3JvdXBzL1N0cmVhbUFuYWx5dGljczQzMTQvcHJvdmlkZXJzL01pY3Jvc29mdC5TdHJlYW1BbmFseXRpY3Mvc3RyZWFtaW5nam9icy9NeVN0cmVhbWluZ0pvYlN1Ym1pdHRlZEJ5U0RLODc4NC9vdXRwdXRzL291dHB1dHRlc3QxNjc2P2FwaS12ZXJzaW9uPTIwMTUtMDktMDE=",
      "RequestMethod": "PUT",
      "RequestBody": "{\r\n  \"name\": \"outputtest1676\",\r\n  \"properties\": {\r\n    \"datasource\": {\r\n      \"type\": \"Microsoft.ServiceBus/Topic\",\r\n      \"properties\": {\r\n        \"serviceBusNamespace\": \"sdktest\",\r\n        \"sharedAccessPolicyName\": \"RootManageSharedAccessKey\",\r\n        \"sharedAccessPolicyKey\": \"$TestStringToBeReplaced\",\r\n        \"topicName\": \"sdktopic\"\r\n      }\r\n    },\r\n    \"serialization\": {\r\n      \"type\": \"Json\",\r\n      \"properties\": {\r\n        \"encoding\": \"UTF8\",\r\n        \"format\": \"LineSeparated\"\r\n      }\r\n    }\r\n  }\r\n}",
      "RequestHeaders": {
        "Content-Type": [
          "application/json"
        ],
        "Content-Length": [
          "535"
        ],
        "x-ms-client-request-id": [
          "981925e0-4e1f-4d8c-ba75-8533b2d6df48"
        ],
        "User-Agent": [
          "Microsoft.Azure.Management.StreamAnalytics.StreamAnalyticsManagementClient/1.0.0.0"
        ]
      },
      "ResponseBody": "{\r\n  \"id\": \"/subscriptions/61953354-5115-4340-bf80-f4ccd1cb213e/resourceGroups/StreamAnalytics4314/providers/Microsoft.StreamAnalytics/streamingjobs/MyStreamingJobSubmittedBySDK8784/outputs/outputtest1676\",\r\n  \"name\": \"outputtest1676\",\r\n  \"type\": \"Microsoft.StreamAnalytics/streamingjobs/outputs\",\r\n  \"properties\": {\r\n    \"datasource\": {\r\n      \"type\": \"Microsoft.ServiceBus/Topic\",\r\n      \"properties\": {\r\n        \"topicName\": \"sdktopic\",\r\n        \"serviceBusNamespace\": \"sdktest\",\r\n        \"sharedAccessPolicyName\": \"RootManageSharedAccessKey\"\r\n      }\r\n    },\r\n    \"serialization\": {\r\n      \"type\": \"Json\",\r\n      \"properties\": {\r\n        \"encoding\": \"UTF8\",\r\n        \"format\": \"LineSeparated\"\r\n      }\r\n    }\r\n  }\r\n}",
      "ResponseHeaders": {
        "Content-Length": [
          "561"
        ],
        "Content-Type": [
          "application/json; charset=utf-8"
        ],
        "Expires": [
          "-1"
        ],
        "Pragma": [
          "no-cache"
        ],
        "X-AspNetMvc-Version": [
          "5.0"
        ],
        "x-ms-request-id": [
          "128fcc77-c040-48ad-8d44-4d232ec37211"
        ],
        "x-ms-ratelimit-remaining-subscription-writes": [
          "1184"
        ],
        "x-ms-correlation-request-id": [
          "5360ab15-e8bf-4d2d-b2e0-e8ced4433ce1"
        ],
        "x-ms-routing-request-id": [
          "CENTRALUS:20151222T013832Z:5360ab15-e8bf-4d2d-b2e0-e8ced4433ce1"
        ],
        "Strict-Transport-Security": [
          "max-age=31536000; includeSubDomains"
        ],
        "Cache-Control": [
          "no-store, no-cache"
        ],
        "Date": [
          "Tue, 22 Dec 2015 01:38:31 GMT"
        ],
        "ETag": [
          "033257d0-94cd-421c-8b16-f0df7eed78d8"
        ],
        "Server": [
          "Microsoft-IIS/8.5"
        ],
        "X-Powered-By": [
          "ASP.NET"
        ]
      },
      "StatusCode": 200
    },
    {
      "RequestUri": "/subscriptions/61953354-5115-4340-bf80-f4ccd1cb213e/resourcegroups/StreamAnalytics4314/providers/Microsoft.StreamAnalytics/streamingjobs/MyStreamingJobSubmittedBySDK8784/outputs/outputtest1676?api-version=2015-09-01",
      "EncodedRequestUri": "L3N1YnNjcmlwdGlvbnMvNjE5NTMzNTQtNTExNS00MzQwLWJmODAtZjRjY2QxY2IyMTNlL3Jlc291cmNlZ3JvdXBzL1N0cmVhbUFuYWx5dGljczQzMTQvcHJvdmlkZXJzL01pY3Jvc29mdC5TdHJlYW1BbmFseXRpY3Mvc3RyZWFtaW5nam9icy9NeVN0cmVhbWluZ0pvYlN1Ym1pdHRlZEJ5U0RLODc4NC9vdXRwdXRzL291dHB1dHRlc3QxNjc2P2FwaS12ZXJzaW9uPTIwMTUtMDktMDE=",
      "RequestMethod": "GET",
      "RequestBody": "",
      "RequestHeaders": {
        "x-ms-client-request-id": [
          "c8920ddd-1f2f-47a4-8c61-cc37d36848e0"
        ],
        "User-Agent": [
          "Microsoft.Azure.Management.StreamAnalytics.StreamAnalyticsManagementClient/1.0.0.0"
        ]
      },
      "ResponseBody": "{\r\n  \"id\": \"/subscriptions/61953354-5115-4340-bf80-f4ccd1cb213e/resourceGroups/StreamAnalytics4314/providers/Microsoft.StreamAnalytics/streamingjobs/MyStreamingJobSubmittedBySDK8784/outputs/outputtest1676\",\r\n  \"name\": \"outputtest1676\",\r\n  \"type\": \"Microsoft.StreamAnalytics/streamingjobs/outputs\",\r\n  \"properties\": {\r\n    \"datasource\": {\r\n      \"type\": \"Microsoft.ServiceBus/Topic\",\r\n      \"properties\": {\r\n        \"topicName\": \"sdktopic\",\r\n        \"serviceBusNamespace\": \"sdktest\",\r\n        \"sharedAccessPolicyName\": \"RootManageSharedAccessKey\"\r\n      }\r\n    },\r\n    \"serialization\": {\r\n      \"type\": \"Json\",\r\n      \"properties\": {\r\n        \"encoding\": \"UTF8\",\r\n        \"format\": \"LineSeparated\"\r\n      }\r\n    }\r\n  }\r\n}",
      "ResponseHeaders": {
        "Content-Length": [
          "561"
        ],
        "Content-Type": [
          "application/json; charset=utf-8"
        ],
        "Expires": [
          "-1"
        ],
        "Pragma": [
          "no-cache"
        ],
        "X-AspNetMvc-Version": [
          "5.0"
        ],
        "x-ms-request-id": [
          "c8920ddd-1f2f-47a4-8c61-cc37d36848e0"
        ],
        "x-ms-ratelimit-remaining-subscription-reads": [
          "14981"
        ],
        "x-ms-correlation-request-id": [
          "e45aa641-c3cf-4673-bc64-a67efb562ff3"
        ],
        "x-ms-routing-request-id": [
          "CENTRALUS:20151222T013832Z:e45aa641-c3cf-4673-bc64-a67efb562ff3"
        ],
        "Strict-Transport-Security": [
          "max-age=31536000; includeSubDomains"
        ],
        "Cache-Control": [
          "no-store, no-cache"
        ],
        "Date": [
          "Tue, 22 Dec 2015 01:38:32 GMT"
        ],
        "ETag": [
          "033257d0-94cd-421c-8b16-f0df7eed78d8"
        ],
        "Server": [
          "Microsoft-IIS/8.5"
        ],
        "X-Powered-By": [
          "ASP.NET"
        ]
      },
      "StatusCode": 200
    },
    {
      "RequestUri": "/subscriptions/61953354-5115-4340-bf80-f4ccd1cb213e/resourcegroups/StreamAnalytics4314/providers/Microsoft.StreamAnalytics/streamingjobs/MyStreamingJobSubmittedBySDK8784/outputs/outputtest1676/test?api-version=2015-09-01",
      "EncodedRequestUri": "L3N1YnNjcmlwdGlvbnMvNjE5NTMzNTQtNTExNS00MzQwLWJmODAtZjRjY2QxY2IyMTNlL3Jlc291cmNlZ3JvdXBzL1N0cmVhbUFuYWx5dGljczQzMTQvcHJvdmlkZXJzL01pY3Jvc29mdC5TdHJlYW1BbmFseXRpY3Mvc3RyZWFtaW5nam9icy9NeVN0cmVhbWluZ0pvYlN1Ym1pdHRlZEJ5U0RLODc4NC9vdXRwdXRzL291dHB1dHRlc3QxNjc2L3Rlc3Q/YXBpLXZlcnNpb249MjAxNS0wOS0wMQ==",
      "RequestMethod": "POST",
      "RequestBody": "",
      "RequestHeaders": {
        "x-ms-client-request-id": [
          "6ee119ad-c852-4589-8b55-aa22cdf8b78c"
        ],
        "User-Agent": [
          "Microsoft.Azure.Management.StreamAnalytics.StreamAnalyticsManagementClient/1.0.0.0"
        ]
      },
      "ResponseBody": "",
      "ResponseHeaders": {
        "Content-Length": [
          "0"
        ],
        "Content-Type": [
          "application/json"
        ],
        "Expires": [
          "-1"
        ],
        "Pragma": [
          "no-cache"
        ],
        "Retry-After": [
          "10"
        ],
        "X-AspNetMvc-Version": [
          "5.0"
        ],
        "x-ms-request-id": [
          "6ee119ad-c852-4589-8b55-aa22cdf8b78c"
        ],
        "x-ms-ratelimit-remaining-subscription-writes": [
          "1183"
        ],
        "x-ms-correlation-request-id": [
          "a97a5fee-3c17-4d7d-917c-c3a7ff69a8b3"
        ],
        "x-ms-routing-request-id": [
          "CENTRALUS:20151222T013832Z:a97a5fee-3c17-4d7d-917c-c3a7ff69a8b3"
        ],
        "Strict-Transport-Security": [
          "max-age=31536000; includeSubDomains"
        ],
        "Cache-Control": [
          "no-store, no-cache"
        ],
        "Date": [
          "Tue, 22 Dec 2015 01:38:32 GMT"
        ],
        "Location": [
          "https://api-dogfood.resources.windows-int.net/subscriptions/61953354-5115-4340-bf80-f4ccd1cb213e/resourcegroups/StreamAnalytics4314/providers/Microsoft.StreamAnalytics/streamingjobs/MyStreamingJobSubmittedBySDK8784/outputs/outputtest1676/OperationResults/ec2da6a8-6dca-4b34-bef3-0313cb147a7d?api-version=2015-09-01"
        ],
        "Server": [
          "Microsoft-IIS/8.5"
        ],
        "X-Powered-By": [
          "ASP.NET"
        ]
      },
      "StatusCode": 202
    },
    {
      "RequestUri": "/subscriptions/61953354-5115-4340-bf80-f4ccd1cb213e/resourcegroups/StreamAnalytics4314/providers/Microsoft.StreamAnalytics/streamingjobs/MyStreamingJobSubmittedBySDK8784/outputs/outputtest1676/OperationResults/ec2da6a8-6dca-4b34-bef3-0313cb147a7d?api-version=2015-09-01",
      "EncodedRequestUri": "L3N1YnNjcmlwdGlvbnMvNjE5NTMzNTQtNTExNS00MzQwLWJmODAtZjRjY2QxY2IyMTNlL3Jlc291cmNlZ3JvdXBzL1N0cmVhbUFuYWx5dGljczQzMTQvcHJvdmlkZXJzL01pY3Jvc29mdC5TdHJlYW1BbmFseXRpY3Mvc3RyZWFtaW5nam9icy9NeVN0cmVhbWluZ0pvYlN1Ym1pdHRlZEJ5U0RLODc4NC9vdXRwdXRzL291dHB1dHRlc3QxNjc2L09wZXJhdGlvblJlc3VsdHMvZWMyZGE2YTgtNmRjYS00YjM0LWJlZjMtMDMxM2NiMTQ3YTdkP2FwaS12ZXJzaW9uPTIwMTUtMDktMDE=",
      "RequestMethod": "GET",
      "RequestBody": "",
      "RequestHeaders": {
        "x-ms-client-request-id": [
          "45fd4974-a6f6-48c0-9657-bfe38d9dcc8d"
        ],
        "User-Agent": [
          "Microsoft.Azure.Management.StreamAnalytics.StreamAnalyticsManagementClient/1.0.0.0"
        ]
      },
      "ResponseBody": "",
      "ResponseHeaders": {
        "Content-Length": [
          "0"
        ],
        "Content-Type": [
          "application/json"
        ],
        "Expires": [
          "-1"
        ],
        "Pragma": [
          "no-cache"
        ],
        "Retry-After": [
          "10"
        ],
        "X-AspNetMvc-Version": [
          "5.0"
        ],
        "x-ms-request-id": [
          "45fd4974-a6f6-48c0-9657-bfe38d9dcc8d"
        ],
        "x-ms-ratelimit-remaining-subscription-reads": [
          "14980"
        ],
        "x-ms-correlation-request-id": [
          "3049d6a7-d352-4c4f-9f88-2b7b8db9b7d1"
        ],
        "x-ms-routing-request-id": [
          "CENTRALUS:20151222T013832Z:3049d6a7-d352-4c4f-9f88-2b7b8db9b7d1"
        ],
        "Strict-Transport-Security": [
          "max-age=31536000; includeSubDomains"
        ],
        "Cache-Control": [
          "no-store, no-cache"
        ],
        "Date": [
          "Tue, 22 Dec 2015 01:38:32 GMT"
        ],
        "Location": [
          "https://api-dogfood.resources.windows-int.net/subscriptions/61953354-5115-4340-bf80-f4ccd1cb213e/resourcegroups/StreamAnalytics4314/providers/Microsoft.StreamAnalytics/streamingjobs/MyStreamingJobSubmittedBySDK8784/outputs/outputtest1676/OperationResults/ec2da6a8-6dca-4b34-bef3-0313cb147a7d?api-version=2015-09-01"
        ],
        "Server": [
          "Microsoft-IIS/8.5"
        ],
        "X-Powered-By": [
          "ASP.NET"
        ]
      },
      "StatusCode": 202
    },
    {
      "RequestUri": "/subscriptions/61953354-5115-4340-bf80-f4ccd1cb213e/resourcegroups/StreamAnalytics4314/providers/Microsoft.StreamAnalytics/streamingjobs/MyStreamingJobSubmittedBySDK8784/outputs/outputtest1676/OperationResults/ec2da6a8-6dca-4b34-bef3-0313cb147a7d?api-version=2015-09-01",
      "EncodedRequestUri": "L3N1YnNjcmlwdGlvbnMvNjE5NTMzNTQtNTExNS00MzQwLWJmODAtZjRjY2QxY2IyMTNlL3Jlc291cmNlZ3JvdXBzL1N0cmVhbUFuYWx5dGljczQzMTQvcHJvdmlkZXJzL01pY3Jvc29mdC5TdHJlYW1BbmFseXRpY3Mvc3RyZWFtaW5nam9icy9NeVN0cmVhbWluZ0pvYlN1Ym1pdHRlZEJ5U0RLODc4NC9vdXRwdXRzL291dHB1dHRlc3QxNjc2L09wZXJhdGlvblJlc3VsdHMvZWMyZGE2YTgtNmRjYS00YjM0LWJlZjMtMDMxM2NiMTQ3YTdkP2FwaS12ZXJzaW9uPTIwMTUtMDktMDE=",
      "RequestMethod": "GET",
      "RequestBody": "",
      "RequestHeaders": {
        "x-ms-client-request-id": [
          "4ed71cc9-aece-4b60-b83e-d5a9df8a2bd7"
        ],
        "User-Agent": [
          "Microsoft.Azure.Management.StreamAnalytics.StreamAnalyticsManagementClient/1.0.0.0"
        ]
      },
      "ResponseBody": "{\r\n  \"status\": \"TestSucceeded\",\r\n  \"error\": null\r\n}",
      "ResponseHeaders": {
        "Content-Length": [
          "39"
        ],
        "Content-Type": [
          "application/json; charset=utf-8"
        ],
        "Expires": [
          "-1"
        ],
        "Pragma": [
          "no-cache"
        ],
        "X-AspNetMvc-Version": [
          "5.0"
        ],
        "x-ms-request-id": [
          "4ed71cc9-aece-4b60-b83e-d5a9df8a2bd7"
        ],
        "x-ms-ratelimit-remaining-subscription-reads": [
          "14979"
        ],
        "x-ms-correlation-request-id": [
          "0cf292f4-2cff-499d-ae30-9b7630eb654b"
        ],
        "x-ms-routing-request-id": [
          "CENTRALUS:20151222T013843Z:0cf292f4-2cff-499d-ae30-9b7630eb654b"
        ],
        "Strict-Transport-Security": [
          "max-age=31536000; includeSubDomains"
        ],
        "Cache-Control": [
          "no-store, no-cache"
        ],
        "Date": [
          "Tue, 22 Dec 2015 01:38:43 GMT"
        ],
        "Server": [
          "Microsoft-IIS/8.5"
        ],
        "X-Powered-By": [
          "ASP.NET"
        ]
      },
      "StatusCode": 200
    },
    {
      "RequestUri": "/subscriptions/61953354-5115-4340-bf80-f4ccd1cb213e/resourcegroups/StreamAnalytics4314/providers/Microsoft.StreamAnalytics/streamingjobs/MyStreamingJobSubmittedBySDK8784/outputs/outputtest1676?api-version=2015-09-01",
      "EncodedRequestUri": "L3N1YnNjcmlwdGlvbnMvNjE5NTMzNTQtNTExNS00MzQwLWJmODAtZjRjY2QxY2IyMTNlL3Jlc291cmNlZ3JvdXBzL1N0cmVhbUFuYWx5dGljczQzMTQvcHJvdmlkZXJzL01pY3Jvc29mdC5TdHJlYW1BbmFseXRpY3Mvc3RyZWFtaW5nam9icy9NeVN0cmVhbWluZ0pvYlN1Ym1pdHRlZEJ5U0RLODc4NC9vdXRwdXRzL291dHB1dHRlc3QxNjc2P2FwaS12ZXJzaW9uPTIwMTUtMDktMDE=",
      "RequestMethod": "PATCH",
      "RequestBody": "{\r\n  \"properties\": {\r\n    \"etag\": \"033257d0-94cd-421c-8b16-f0df7eed78d8\",\r\n    \"datasource\": {\r\n      \"type\": \"Microsoft.ServiceBus/Topic\",\r\n      \"properties\": {\r\n        \"serviceBusNamespace\": \"sdktest\",\r\n        \"sharedAccessPolicyName\": \"RootManageSharedAccessKey\",\r\n        \"sharedAccessPolicyKey\": \"$TestStringToBeReplaced\",\r\n        \"topicName\": \"NewTopicName5267\"\r\n      }\r\n    },\r\n    \"serialization\": {\r\n      \"type\": \"Json\",\r\n      \"properties\": {\r\n        \"encoding\": \"UTF8\",\r\n        \"format\": \"LineSeparated\"\r\n      }\r\n    }\r\n  }\r\n}",
      "RequestHeaders": {
        "Content-Type": [
          "application/json"
        ],
        "Content-Length": [
          "567"
        ],
        "x-ms-client-request-id": [
          "0adc8096-ca4d-4bab-87ed-5c9a5fe43b22"
        ],
        "User-Agent": [
          "Microsoft.Azure.Management.StreamAnalytics.StreamAnalyticsManagementClient/1.0.0.0"
        ]
      },
      "ResponseBody": "{\r\n  \"id\": \"/subscriptions/61953354-5115-4340-bf80-f4ccd1cb213e/resourceGroups/StreamAnalytics4314/providers/Microsoft.StreamAnalytics/streamingjobs/MyStreamingJobSubmittedBySDK8784/outputs/outputtest1676\",\r\n  \"name\": \"outputtest1676\",\r\n  \"type\": \"Microsoft.StreamAnalytics/streamingjobs/outputs\",\r\n  \"properties\": {\r\n    \"datasource\": {\r\n      \"type\": \"Microsoft.ServiceBus/Topic\",\r\n      \"properties\": {\r\n        \"topicName\": \"NewTopicName5267\",\r\n        \"serviceBusNamespace\": \"sdktest\",\r\n        \"sharedAccessPolicyName\": \"RootManageSharedAccessKey\"\r\n      }\r\n    },\r\n    \"serialization\": {\r\n      \"type\": \"Json\",\r\n      \"properties\": {\r\n        \"encoding\": \"UTF8\",\r\n        \"format\": \"LineSeparated\"\r\n      }\r\n    }\r\n  }\r\n}",
      "ResponseHeaders": {
        "Content-Length": [
          "569"
        ],
        "Content-Type": [
          "application/json; charset=utf-8"
        ],
        "Expires": [
          "-1"
        ],
        "Pragma": [
          "no-cache"
        ],
        "X-AspNetMvc-Version": [
          "5.0"
        ],
        "x-ms-request-id": [
          "51074132-25f6-4269-9111-1225aa0d5f84"
        ],
        "x-ms-ratelimit-remaining-subscription-writes": [
          "1182"
        ],
        "x-ms-correlation-request-id": [
          "2b0c7cf0-570b-4989-aabe-10a7e1ad68ea"
        ],
        "x-ms-routing-request-id": [
          "CENTRALUS:20151222T013844Z:2b0c7cf0-570b-4989-aabe-10a7e1ad68ea"
        ],
        "Strict-Transport-Security": [
          "max-age=31536000; includeSubDomains"
        ],
        "Cache-Control": [
          "no-store, no-cache"
        ],
        "Date": [
          "Tue, 22 Dec 2015 01:38:43 GMT"
        ],
        "ETag": [
          "501cc591-1c4d-41b9-83f1-189f9ab914f4"
        ],
        "Server": [
          "Microsoft-IIS/8.5"
        ],
        "X-Powered-By": [
          "ASP.NET"
        ]
      },
      "StatusCode": 200
    },
    {
      "RequestUri": "/subscriptions/61953354-5115-4340-bf80-f4ccd1cb213e/resourcegroups/StreamAnalytics4314/providers/Microsoft.StreamAnalytics/streamingjobs/MyStreamingJobSubmittedBySDK8784/outputs/outputtest1676?api-version=2015-09-01",
      "EncodedRequestUri": "L3N1YnNjcmlwdGlvbnMvNjE5NTMzNTQtNTExNS00MzQwLWJmODAtZjRjY2QxY2IyMTNlL3Jlc291cmNlZ3JvdXBzL1N0cmVhbUFuYWx5dGljczQzMTQvcHJvdmlkZXJzL01pY3Jvc29mdC5TdHJlYW1BbmFseXRpY3Mvc3RyZWFtaW5nam9icy9NeVN0cmVhbWluZ0pvYlN1Ym1pdHRlZEJ5U0RLODc4NC9vdXRwdXRzL291dHB1dHRlc3QxNjc2P2FwaS12ZXJzaW9uPTIwMTUtMDktMDE=",
      "RequestMethod": "DELETE",
      "RequestBody": "",
      "RequestHeaders": {
        "x-ms-client-request-id": [
          "8b5dfda1-b2c9-4c40-92c6-b841493794f1"
        ],
        "User-Agent": [
          "Microsoft.Azure.Management.StreamAnalytics.StreamAnalyticsManagementClient/1.0.0.0"
        ]
      },
      "ResponseBody": "",
      "ResponseHeaders": {
        "Content-Length": [
          "0"
        ],
        "Content-Type": [
          "application/json"
        ],
        "Expires": [
          "-1"
        ],
        "Pragma": [
          "no-cache"
        ],
        "X-AspNetMvc-Version": [
          "5.0"
        ],
        "x-ms-request-id": [
          "8b5dfda1-b2c9-4c40-92c6-b841493794f1"
        ],
        "x-ms-ratelimit-remaining-subscription-writes": [
          "1181"
        ],
        "x-ms-correlation-request-id": [
          "76861ee2-fba9-4af4-b3f9-9732b89da7b6"
        ],
        "x-ms-routing-request-id": [
          "CENTRALUS:20151222T013844Z:76861ee2-fba9-4af4-b3f9-9732b89da7b6"
        ],
        "Strict-Transport-Security": [
          "max-age=31536000; includeSubDomains"
        ],
        "Cache-Control": [
          "no-store, no-cache"
        ],
        "Date": [
          "Tue, 22 Dec 2015 01:38:43 GMT"
        ],
        "Server": [
          "Microsoft-IIS/8.5"
        ],
        "X-Powered-By": [
          "ASP.NET"
        ]
      },
      "StatusCode": 200
    },
    {
      "RequestUri": "/subscriptions/61953354-5115-4340-bf80-f4ccd1cb213e/resourcegroups/StreamAnalytics4314/providers/Microsoft.StreamAnalytics/streamingjobs/MyStreamingJobSubmittedBySDK8784?$expand=outputs&api-version=2015-09-01",
      "EncodedRequestUri": "L3N1YnNjcmlwdGlvbnMvNjE5NTMzNTQtNTExNS00MzQwLWJmODAtZjRjY2QxY2IyMTNlL3Jlc291cmNlZ3JvdXBzL1N0cmVhbUFuYWx5dGljczQzMTQvcHJvdmlkZXJzL01pY3Jvc29mdC5TdHJlYW1BbmFseXRpY3Mvc3RyZWFtaW5nam9icy9NeVN0cmVhbWluZ0pvYlN1Ym1pdHRlZEJ5U0RLODc4ND8kZXhwYW5kPW91dHB1dHMmYXBpLXZlcnNpb249MjAxNS0wOS0wMQ==",
      "RequestMethod": "GET",
      "RequestBody": "",
      "RequestHeaders": {
        "x-ms-client-request-id": [
          "379f2765-dad7-4c1e-9246-5de0ab8e0bff"
        ],
        "User-Agent": [
          "Microsoft.Azure.Management.StreamAnalytics.StreamAnalyticsManagementClient/1.0.0.0"
        ]
      },
      "ResponseBody": "{\r\n  \"id\": \"/subscriptions/61953354-5115-4340-bf80-f4ccd1cb213e/resourceGroups/StreamAnalytics4314/providers/Microsoft.StreamAnalytics/streamingjobs/MyStreamingJobSubmittedBySDK8784\",\r\n  \"name\": \"MyStreamingJobSubmittedBySDK8784\",\r\n  \"type\": \"Microsoft.StreamAnalytics/streamingjobs\",\r\n  \"location\": \"West US\",\r\n  \"properties\": {\r\n    \"sku\": {\r\n      \"name\": \"Standard\"\r\n    },\r\n    \"jobId\": \"562fffd4-30c2-4359-8175-5597c15f448b\",\r\n    \"provisioningState\": \"Succeeded\",\r\n    \"jobState\": \"Created\",\r\n    \"eventsOutOfOrderPolicy\": \"Drop\",\r\n    \"eventsOutOfOrderMaxDelayInSeconds\": 0,\r\n    \"eventsLateArrivalMaxDelayInSeconds\": 5,\r\n    \"dataLocale\": \"en-US\",\r\n    \"createdDate\": \"2015-12-22T01:38:32.327Z\",\r\n    \"outputs\": []\r\n  }\r\n}",
      "ResponseHeaders": {
        "Content-Length": [
          "615"
        ],
        "Content-Type": [
          "application/json; charset=utf-8"
        ],
        "Expires": [
          "-1"
        ],
        "Pragma": [
          "no-cache"
        ],
        "X-AspNetMvc-Version": [
          "5.0"
        ],
        "x-ms-request-id": [
          "379f2765-dad7-4c1e-9246-5de0ab8e0bff"
        ],
        "x-ms-ratelimit-remaining-subscription-reads": [
          "14978"
        ],
        "x-ms-correlation-request-id": [
          "be3a5ceb-54cc-41e1-9525-89e659af67f4"
        ],
        "x-ms-routing-request-id": [
          "CENTRALUS:20151222T013844Z:be3a5ceb-54cc-41e1-9525-89e659af67f4"
        ],
        "Strict-Transport-Security": [
          "max-age=31536000; includeSubDomains"
        ],
        "Cache-Control": [
          "no-store, no-cache"
        ],
        "Date": [
          "Tue, 22 Dec 2015 01:38:43 GMT"
        ],
        "ETag": [
          "8b6819ec-f917-4fa9-b152-94599cc2dd1d"
        ],
        "Server": [
          "Microsoft-IIS/8.5"
        ],
        "X-Powered-By": [
          "ASP.NET"
        ]
      },
      "StatusCode": 200
    },
    {
      "RequestUri": "/subscriptions/61953354-5115-4340-bf80-f4ccd1cb213e/resourcegroups/StreamAnalytics4314/providers/Microsoft.StreamAnalytics/streamingjobs/MyStreamingJobSubmittedBySDK8784?api-version=2015-09-01",
      "EncodedRequestUri": "L3N1YnNjcmlwdGlvbnMvNjE5NTMzNTQtNTExNS00MzQwLWJmODAtZjRjY2QxY2IyMTNlL3Jlc291cmNlZ3JvdXBzL1N0cmVhbUFuYWx5dGljczQzMTQvcHJvdmlkZXJzL01pY3Jvc29mdC5TdHJlYW1BbmFseXRpY3Mvc3RyZWFtaW5nam9icy9NeVN0cmVhbWluZ0pvYlN1Ym1pdHRlZEJ5U0RLODc4ND9hcGktdmVyc2lvbj0yMDE1LTA5LTAx",
      "RequestMethod": "DELETE",
      "RequestBody": "",
      "RequestHeaders": {
        "x-ms-client-request-id": [
          "ad196017-f494-4162-a902-c500e2e5921c"
        ],
        "User-Agent": [
          "Microsoft.Azure.Management.StreamAnalytics.StreamAnalyticsManagementClient/1.0.0.0"
        ]
      },
      "ResponseBody": "",
      "ResponseHeaders": {
        "Content-Length": [
          "0"
        ],
        "Content-Type": [
          "application/json"
        ],
        "Expires": [
          "-1"
        ],
        "Pragma": [
          "no-cache"
        ],
        "X-AspNetMvc-Version": [
          "5.0"
        ],
        "x-ms-request-id": [
          "ad196017-f494-4162-a902-c500e2e5921c"
        ],
        "x-ms-ratelimit-remaining-subscription-writes": [
          "1180"
        ],
        "x-ms-correlation-request-id": [
          "02144346-8033-4069-9227-a4ab4c431163"
        ],
        "x-ms-routing-request-id": [
          "CENTRALUS:20151222T013844Z:02144346-8033-4069-9227-a4ab4c431163"
        ],
        "Strict-Transport-Security": [
          "max-age=31536000; includeSubDomains"
        ],
        "Cache-Control": [
          "no-store, no-cache"
        ],
        "Date": [
          "Tue, 22 Dec 2015 01:38:44 GMT"
        ],
        "Server": [
          "Microsoft-IIS/8.5"
        ],
        "X-Powered-By": [
          "ASP.NET"
        ]
      },
      "StatusCode": 200
    },
    {
      "RequestUri": "/subscriptions/61953354-5115-4340-bf80-f4ccd1cb213e/resourcegroups/StreamAnalytics4314?api-version=2014-04-01-preview",
      "EncodedRequestUri": "L3N1YnNjcmlwdGlvbnMvNjE5NTMzNTQtNTExNS00MzQwLWJmODAtZjRjY2QxY2IyMTNlL3Jlc291cmNlZ3JvdXBzL1N0cmVhbUFuYWx5dGljczQzMTQ/YXBpLXZlcnNpb249MjAxNC0wNC0wMS1wcmV2aWV3",
      "RequestMethod": "DELETE",
      "RequestBody": "",
      "RequestHeaders": {
        "User-Agent": [
          "Microsoft.Azure.Management.Resources.ResourceManagementClient/2.0.0.0"
        ]
      },
      "ResponseBody": "",
      "ResponseHeaders": {
        "Content-Length": [
          "0"
        ],
        "Expires": [
          "-1"
        ],
        "Pragma": [
          "no-cache"
        ],
        "Retry-After": [
          "15"
        ],
        "x-ms-ratelimit-remaining-subscription-writes": [
          "1179"
        ],
        "x-ms-request-id": [
          "582d6ee1-2048-4196-8352-08c0d05ad323"
        ],
        "x-ms-correlation-request-id": [
          "582d6ee1-2048-4196-8352-08c0d05ad323"
        ],
        "x-ms-routing-request-id": [
          "CENTRALUS:20151222T013845Z:582d6ee1-2048-4196-8352-08c0d05ad323"
        ],
        "Strict-Transport-Security": [
          "max-age=31536000; includeSubDomains"
        ],
        "Cache-Control": [
          "no-cache"
        ],
        "Date": [
          "Tue, 22 Dec 2015 01:38:44 GMT"
        ],
        "Location": [
          "https://api-dogfood.resources.windows-int.net/subscriptions/61953354-5115-4340-bf80-f4ccd1cb213e/operationresults/eyJqb2JJZCI6IlJFU09VUkNFR1JPVVBERUxFVElPTkpPQi1TVFJFQU1BTkFMWVRJQ1M0MzE0LVdFU1RVUyIsImpvYkxvY2F0aW9uIjoid2VzdHVzIn0?api-version=2014-04-01-preview"
        ]
      },
      "StatusCode": 202
    },
    {
      "RequestUri": "/subscriptions/61953354-5115-4340-bf80-f4ccd1cb213e/operationresults/eyJqb2JJZCI6IlJFU09VUkNFR1JPVVBERUxFVElPTkpPQi1TVFJFQU1BTkFMWVRJQ1M0MzE0LVdFU1RVUyIsImpvYkxvY2F0aW9uIjoid2VzdHVzIn0?api-version=2014-04-01-preview",
      "EncodedRequestUri": "L3N1YnNjcmlwdGlvbnMvNjE5NTMzNTQtNTExNS00MzQwLWJmODAtZjRjY2QxY2IyMTNlL29wZXJhdGlvbnJlc3VsdHMvZXlKcWIySkpaQ0k2SWxKRlUwOVZVa05GUjFKUFZWQkVSVXhGVkVsUFRrcFBRaTFUVkZKRlFVMUJUa0ZNV1ZSSlExTTBNekUwTFZkRlUxUlZVeUlzSW1wdllreHZZMkYwYVc5dUlqb2lkMlZ6ZEhWekluMD9hcGktdmVyc2lvbj0yMDE0LTA0LTAxLXByZXZpZXc=",
      "RequestMethod": "GET",
      "RequestBody": "",
      "RequestHeaders": {
        "x-ms-version": [
          "2014-04-01-preview"
        ],
        "User-Agent": [
          "Microsoft.Azure.Management.Resources.ResourceManagementClient/2.0.0.0"
        ]
      },
      "ResponseBody": "",
      "ResponseHeaders": {
        "Content-Length": [
          "0"
        ],
        "Expires": [
          "-1"
        ],
        "Pragma": [
          "no-cache"
        ],
        "Retry-After": [
          "15"
        ],
        "x-ms-ratelimit-remaining-subscription-reads": [
          "14977"
        ],
        "x-ms-request-id": [
          "0f86c943-e3bb-4831-a2d8-2438416b1e24"
        ],
        "x-ms-correlation-request-id": [
          "0f86c943-e3bb-4831-a2d8-2438416b1e24"
        ],
        "x-ms-routing-request-id": [
          "CENTRALUS:20151222T013845Z:0f86c943-e3bb-4831-a2d8-2438416b1e24"
        ],
        "Strict-Transport-Security": [
          "max-age=31536000; includeSubDomains"
        ],
        "Cache-Control": [
          "no-cache"
        ],
        "Date": [
          "Tue, 22 Dec 2015 01:38:44 GMT"
        ],
        "Location": [
          "https://api-dogfood.resources.windows-int.net/subscriptions/61953354-5115-4340-bf80-f4ccd1cb213e/operationresults/eyJqb2JJZCI6IlJFU09VUkNFR1JPVVBERUxFVElPTkpPQi1TVFJFQU1BTkFMWVRJQ1M0MzE0LVdFU1RVUyIsImpvYkxvY2F0aW9uIjoid2VzdHVzIn0?api-version=2014-04-01-preview"
        ]
      },
      "StatusCode": 202
    },
    {
      "RequestUri": "/subscriptions/61953354-5115-4340-bf80-f4ccd1cb213e/operationresults/eyJqb2JJZCI6IlJFU09VUkNFR1JPVVBERUxFVElPTkpPQi1TVFJFQU1BTkFMWVRJQ1M0MzE0LVdFU1RVUyIsImpvYkxvY2F0aW9uIjoid2VzdHVzIn0?api-version=2014-04-01-preview",
      "EncodedRequestUri": "L3N1YnNjcmlwdGlvbnMvNjE5NTMzNTQtNTExNS00MzQwLWJmODAtZjRjY2QxY2IyMTNlL29wZXJhdGlvbnJlc3VsdHMvZXlKcWIySkpaQ0k2SWxKRlUwOVZVa05GUjFKUFZWQkVSVXhGVkVsUFRrcFBRaTFUVkZKRlFVMUJUa0ZNV1ZSSlExTTBNekUwTFZkRlUxUlZVeUlzSW1wdllreHZZMkYwYVc5dUlqb2lkMlZ6ZEhWekluMD9hcGktdmVyc2lvbj0yMDE0LTA0LTAxLXByZXZpZXc=",
      "RequestMethod": "GET",
      "RequestBody": "",
      "RequestHeaders": {
        "x-ms-version": [
          "2014-04-01-preview"
        ],
        "User-Agent": [
          "Microsoft.Azure.Management.Resources.ResourceManagementClient/2.0.0.0"
        ]
      },
      "ResponseBody": "",
      "ResponseHeaders": {
        "Content-Length": [
          "0"
        ],
        "Expires": [
          "-1"
        ],
        "Pragma": [
          "no-cache"
        ],
        "Retry-After": [
          "15"
        ],
        "x-ms-ratelimit-remaining-subscription-reads": [
          "14976"
        ],
        "x-ms-request-id": [
          "9eb0bfa6-9af7-4e1e-b5d7-79c76f3aa9a4"
        ],
        "x-ms-correlation-request-id": [
          "9eb0bfa6-9af7-4e1e-b5d7-79c76f3aa9a4"
        ],
        "x-ms-routing-request-id": [
          "CENTRALUS:20151222T013900Z:9eb0bfa6-9af7-4e1e-b5d7-79c76f3aa9a4"
        ],
        "Strict-Transport-Security": [
          "max-age=31536000; includeSubDomains"
        ],
        "Cache-Control": [
          "no-cache"
        ],
        "Date": [
          "Tue, 22 Dec 2015 01:39:00 GMT"
        ],
        "Location": [
          "https://api-dogfood.resources.windows-int.net/subscriptions/61953354-5115-4340-bf80-f4ccd1cb213e/operationresults/eyJqb2JJZCI6IlJFU09VUkNFR1JPVVBERUxFVElPTkpPQi1TVFJFQU1BTkFMWVRJQ1M0MzE0LVdFU1RVUyIsImpvYkxvY2F0aW9uIjoid2VzdHVzIn0?api-version=2014-04-01-preview"
        ]
      },
      "StatusCode": 202
    },
    {
      "RequestUri": "/subscriptions/61953354-5115-4340-bf80-f4ccd1cb213e/operationresults/eyJqb2JJZCI6IlJFU09VUkNFR1JPVVBERUxFVElPTkpPQi1TVFJFQU1BTkFMWVRJQ1M0MzE0LVdFU1RVUyIsImpvYkxvY2F0aW9uIjoid2VzdHVzIn0?api-version=2014-04-01-preview",
      "EncodedRequestUri": "L3N1YnNjcmlwdGlvbnMvNjE5NTMzNTQtNTExNS00MzQwLWJmODAtZjRjY2QxY2IyMTNlL29wZXJhdGlvbnJlc3VsdHMvZXlKcWIySkpaQ0k2SWxKRlUwOVZVa05GUjFKUFZWQkVSVXhGVkVsUFRrcFBRaTFUVkZKRlFVMUJUa0ZNV1ZSSlExTTBNekUwTFZkRlUxUlZVeUlzSW1wdllreHZZMkYwYVc5dUlqb2lkMlZ6ZEhWekluMD9hcGktdmVyc2lvbj0yMDE0LTA0LTAxLXByZXZpZXc=",
      "RequestMethod": "GET",
      "RequestBody": "",
      "RequestHeaders": {
        "x-ms-version": [
          "2014-04-01-preview"
        ],
        "User-Agent": [
          "Microsoft.Azure.Management.Resources.ResourceManagementClient/2.0.0.0"
        ]
      },
      "ResponseBody": "",
      "ResponseHeaders": {
        "Content-Length": [
          "0"
        ],
        "Expires": [
          "-1"
        ],
        "Pragma": [
          "no-cache"
        ],
        "Retry-After": [
          "15"
        ],
        "x-ms-ratelimit-remaining-subscription-reads": [
          "14975"
        ],
        "x-ms-request-id": [
          "231d5f2e-abac-4204-8bc5-aad7648b9601"
        ],
        "x-ms-correlation-request-id": [
          "231d5f2e-abac-4204-8bc5-aad7648b9601"
        ],
        "x-ms-routing-request-id": [
          "CENTRALUS:20151222T013915Z:231d5f2e-abac-4204-8bc5-aad7648b9601"
        ],
        "Strict-Transport-Security": [
          "max-age=31536000; includeSubDomains"
        ],
        "Cache-Control": [
          "no-cache"
        ],
        "Date": [
          "Tue, 22 Dec 2015 01:39:15 GMT"
        ],
        "Location": [
          "https://api-dogfood.resources.windows-int.net/subscriptions/61953354-5115-4340-bf80-f4ccd1cb213e/operationresults/eyJqb2JJZCI6IlJFU09VUkNFR1JPVVBERUxFVElPTkpPQi1TVFJFQU1BTkFMWVRJQ1M0MzE0LVdFU1RVUyIsImpvYkxvY2F0aW9uIjoid2VzdHVzIn0?api-version=2014-04-01-preview"
        ]
      },
      "StatusCode": 202
    },
    {
      "RequestUri": "/subscriptions/61953354-5115-4340-bf80-f4ccd1cb213e/operationresults/eyJqb2JJZCI6IlJFU09VUkNFR1JPVVBERUxFVElPTkpPQi1TVFJFQU1BTkFMWVRJQ1M0MzE0LVdFU1RVUyIsImpvYkxvY2F0aW9uIjoid2VzdHVzIn0?api-version=2014-04-01-preview",
      "EncodedRequestUri": "L3N1YnNjcmlwdGlvbnMvNjE5NTMzNTQtNTExNS00MzQwLWJmODAtZjRjY2QxY2IyMTNlL29wZXJhdGlvbnJlc3VsdHMvZXlKcWIySkpaQ0k2SWxKRlUwOVZVa05GUjFKUFZWQkVSVXhGVkVsUFRrcFBRaTFUVkZKRlFVMUJUa0ZNV1ZSSlExTTBNekUwTFZkRlUxUlZVeUlzSW1wdllreHZZMkYwYVc5dUlqb2lkMlZ6ZEhWekluMD9hcGktdmVyc2lvbj0yMDE0LTA0LTAxLXByZXZpZXc=",
      "RequestMethod": "GET",
      "RequestBody": "",
      "RequestHeaders": {
        "x-ms-version": [
          "2014-04-01-preview"
        ],
        "User-Agent": [
          "Microsoft.Azure.Management.Resources.ResourceManagementClient/2.0.0.0"
        ]
      },
      "ResponseBody": "",
      "ResponseHeaders": {
        "Content-Length": [
          "0"
        ],
        "Expires": [
          "-1"
        ],
        "Pragma": [
          "no-cache"
        ],
        "x-ms-ratelimit-remaining-subscription-reads": [
          "14974"
        ],
        "x-ms-request-id": [
          "7b27e8e4-8757-4c36-8bd6-e47cab39c171"
        ],
        "x-ms-correlation-request-id": [
          "7b27e8e4-8757-4c36-8bd6-e47cab39c171"
        ],
        "x-ms-routing-request-id": [
          "CENTRALUS:20151222T013930Z:7b27e8e4-8757-4c36-8bd6-e47cab39c171"
        ],
        "Strict-Transport-Security": [
          "max-age=31536000; includeSubDomains"
        ],
        "Cache-Control": [
          "no-cache"
        ],
        "Date": [
          "Tue, 22 Dec 2015 01:39:29 GMT"
        ]
      },
      "StatusCode": 200
    }
  ],
  "Names": {
    "Test_OutputOperations_ServiceBusTopic": [
      "StreamAnalytics4314",
      "MyStreamingJobSubmittedBySDK8784",
      "outputtest1676",
      "NewTopicName5267"
    ]
  },
  "Variables": {
    "SubscriptionId": "61953354-5115-4340-bf80-f4ccd1cb213e"
  }
}